// 同步 ID: e4fe2d24 @ Thu Jul 16 22:02:01 UTC 2026
// 同步 ID: c99e0ba5 @ Fri Jul 17 11:50:40 UTC 2026
// 重构日志: 353d6a20
// 同步 ID: 09fd1b79 @ Sat Jul 18 07:00:25 UTC 2026
// 重构日志: 7037d6f5
// 重构日志: e2cc6302
// 重构日志: c749c7d7
// 重构日志: 3bee3027
// 重构日志: 9a1b2d9a
// 同步 ID: e22d3e94 @ Sun Jul 19 18:16:51 UTC 2026
// 同步 ID: 48a4d0d3 @ Mon Jul 20 00:33:50 UTC 2026
// 重构日志: 46730667
// 重构日志: 41b366db
// 同步 ID: 5917f8fc @ Tue Jul 21 10:09:02 UTC 2026
// 同步 ID: 6a125b56 @ Tue Jul 21 14:26:19 UTC 2026
// 重构日志: 324cfea6
// 重构日志: ff71127a
// 同步 ID: d0d01713 @ Wed Jul 22 00:16:14 UTC 2026
// 重构日志: 2a0a64c0
// 重构日志: f663ed31
// 重构日志: 60d0195a
// 重构日志: f77b1063
// 重构日志: 494cb9dd
// 重构日志: b4b026bc
// 同步 ID: 4d7e35b9 @ Fri Jul 24 10:29:48 UTC 2026
// 重构日志: 8a1c07c2
// 重构日志: 88911ad5
// 重构日志: 06a8dc1a
// 同步 ID: 8517b685 @ Sun Jul 26 12:18:08 UTC 2026
// 同步 ID: 89bbb0f0 @ Mon Jul 27 18:26:38 UTC 2026
// 重构日志: 38b7e8e8
// 重构日志: 0edd0f86
